// Jest Snapshot v1, https://goo.gl/fbAQLP

exports[`components/JoarkBrowser/JoarkBrowser Render: match snapshot 1`] = `
.c1 {
  display: block;
  padding: 1rem 1rem 1rem 1rem;
  border-radius: 4px;
  position: relative;
  -webkit-box-flex: 0;
  -webkit-flex-grow: 0;
  -ms-flex-positive: 0;
  flex-grow: 0;
  overflow: inherit;
  max-height: 100%;
  margin-bottom: 0;
  z-index: 1010;
  color: #3e3832;
  background-color: #FFFFFF;
}

ui-fss.g28[id="c0"] {
  content: "c1,";
}

.c3 {
  display: block !important;
}

.c3 * {
  font-size: inherit;
  line-height: inherit;
}

.c3.compact td,
.c3.compact th {
  padding: 0.35rem !important;
}

.c3.compact th a {
  margin: 0rem !important;
  padding: 0rem !important;
  padding-right: 0.7rem !important;
}

.c3.compact th a:before,
.c3.compact th a:after {
  right: 0rem !important;
}

.c3.compact .c-tableSorter__filter .skjemaelement__input {
  padding: 0.25rem !important;
}

.c3 tbody.striped tr:nth-child(odd) {
  background: #f1f1f1;
}

.c3 tbody.striped tr:nth-child(even) {
  background: #FFFFFF;
}

.c3__subcell {
  display: -webkit-box;
  display: -webkit-flex;
  display: -ms-flexbox;
  display: flex;
  padding: 0.25rem 0.5rem 0.25rem 0.5rem;
}

.c3___seefilters-icon {
  cursor: pointer;
}

.c3__pagination {
  -webkit-box-pack: end;
  -webkit-justify-content: flex-end;
  -ms-flex-pack: end;
  justify-content: flex-end;
}

.c3 .header {
  cursor: pointer;
}

.c3 tr.slideAnimate {
  opacity: 0;
  -webkit-transform: translateX(-20px);
  -ms-transform: translateX(-20px);
  transform: translateX(-20px);
  -webkit-animation: fSLHgq 0.2s forwards;
  animation: fSLHgq 0.2s forwards;
}

.c3 .tabell__tr--disabled td {
  background: #78706a !important;
  color: #f1f1f1 !important;
}

.c3 .tabell__tr--disabled td * {
  color: #f1f1f1 !important;
}

ui-fss.g131[id="c2"] {
  content: "c3,";
}

.c5 {
  position: relative;
}

ui-fss.g132[id="c4"] {
  content: "c5,";
}

.c7 {
  width: 100%;
}

ui-fss.g134[id="c6"] {
  content: "c7,";
}

.c9 {
  display: -webkit-box;
  display: -webkit-flex;
  display: -ms-flexbox;
  display: flex;
  -webkit-flex-direction: row;
  -ms-flex-direction: row;
  flex-direction: row;
  -webkit-box-pack: justify;
  -webkit-justify-content: space-between;
  -ms-flex-pack: justify;
  justify-content: space-between;
  -webkit-align-items: center;
  -webkit-box-align: center;
  -ms-flex-align: center;
  align-items: center;
}

ui-fss.g135[id="c8"] {
  content: "c9,";
}

<JoarkBrowser
  existingItems={Array []}
  highContrast={false}
  mode="view"
  onPreviewFile={[MockFunction]}
  onRowSelectChange={[MockFunction]}
  onRowViewDelete={[MockFunction]}
  tableId="test-table-id"
>
  <div
    data-test-id="c-joarkBrowser"
  >
    <Modal
      highContrast={false}
      onModalClose={[Function]}
    >
      <W
        highContrast={false}
      >
        <Component
          theme={
            Object {
              "alternative-background-color": "#FFFFFF",
              "black": "#000000",
              "border-radius-base": "4px",
              "border-radius-large": "6px",
              "border-radius-small": "2px",
              "container-desktop": "(940px + @grid-gutter-width)",
              "container-large-desktop": "(1140px + @grid-gutter-width)",
              "container-lg": "(1140px + @grid-gutter-width)",
              "container-md": "(940px + @grid-gutter-width)",
              "container-sm": "(720px + @grid-gutter-width)",
              "container-tablet": "(720px + @grid-gutter-width)",
              "fokusFarge": "#19548a",
              "grayBackground": "#e9e7e7",
              "grayIcon": "#b7b1a9",
              "grayInactive": "#78706a",
              "grayModia": "#333333",
              "grid-columns": "12",
              "grid-float-breakpoint": "768px",
              "grid-float-breakpoint-max": "(@grid-float-breakpoint - 1)",
              "grid-gutter-width": "16px",
              "inverted-font-color": "#FFFFFF",
              "line-height-large": "1.3333333",
              "line-height-small": "1.5",
              "main-active-color": "#66a4dc",
              "main-background-color": "#f1f1f1",
              "main-border-color": "#78706a",
              "main-border-radius": "4px",
              "main-border-width": "1px",
              "main-disabled-color": "#78706a",
              "main-error-color": "#ba3a26",
              "main-focus-color": "#19548a",
              "main-font-color": "#3e3832",
              "main-hover-color": "#cce1f3",
              "main-interactive-color": "#0067c5",
              "main-success-color": "#06893a",
              "main-warning-color": "#ff9100",
              "navBakgrunn": "#ffffff",
              "navBla": "#0067c5",
              "navBlaDarken20": "#32414f",
              "navBlaDarken40": "#254b6d",
              "navBlaDarken60": "#19548a",
              "navBlaDarken80": "#0c5ea8",
              "navBlaLighten20": "#cce1f3",
              "navBlaLighten40": "#99c2e8",
              "navBlaLighten60": "#66a4dc",
              "navBlaLighten80": "#3385d1",
              "navDypBla": "#005b82",
              "navDypBlaDarken20": "#323f42",
              "navDypBlaDarken40": "#254652",
              "navDypBlaDarken60": "#194d62",
              "navDypBlaDarken80": "#0c5472",
              "navDypBlaLighten20": "#ccdee6",
              "navDypBlaLighten40": "#99bdcd",
              "navDypBlaLighten60": "#669db4",
              "navDypBlaLighten80": "#337c9b",
              "navGra20": "#c6c2bf",
              "navGra40": "#b7b1a9",
              "navGra60": "#78706a",
              "navGra80": "#59514b",
              "navGraBakgrunn": "#f1f1f1",
              "navGronn": "#06893a",
              "navGronnDarken20": "#334834",
              "navGronnDarken40": "#285835",
              "navGronnDarken60": "#1c6937",
              "navGronnDarken80": "#117938",
              "navGronnLighten20": "#cde7d8",
              "navGronnLighten40": "#9bd0b0",
              "navGronnLighten60": "#6ab889",
              "navGronnLighten80": "#38a161",
              "navLilla": "#634689",
              "navLillaDarken20": "#453b43",
              "navLillaDarken40": "#4d3e55",
              "navLillaDarken60": "#544066",
              "navLillaDarken80": "#5c4378",
              "navLillaLighten20": "#e0dae7",
              "navLillaLighten40": "#c1b5d0",
              "navLillaLighten60": "#a190b8",
              "navLillaLighten80": "#826ba1",
              "navLimeGronn": "#a2ad00",
              "navLimeGronnDarken20": "#524f28",
              "navLimeGronnDarken40": "#66671e",
              "navLimeGronnDarken60": "#7a7e14",
              "navLimeGronnDarken80": "#8e960a",
              "navLimeGronnLighten20": "#ecefcc",
              "navLimeGronnLighten40": "#dade99",
              "navLimeGronnLighten60": "#c7ce66",
              "navLimeGronnLighten80": "#b5bd33",
              "navLysBla": "#66cbec",
              "navLysBlaDarken20": "#465557",
              "navLysBlaDarken40": "#4e737c",
              "navLysBlaDarken60": "#5690a2",
              "navLysBlaDarken80": "#5eaec7",
              "navLysBlaLighten20": "#e0f5fb",
              "navLysBlaLighten40": "#c2eaf7",
              "navLysBlaLighten60": "#a3e0f4",
              "navLysBlaLighten80": "#85d5f0",
              "navLysGra": "#e9e7e7",
              "navMorkGra": "#3e3832",
              "navOransje": "#ff9100",
              "navOransjeDarken20": "#654a28",
              "navOransjeDarken40": "#8b5c1e",
              "navOransjeDarken60": "#b26d14",
              "navOransjeDarken80": "#d87f0a",
              "navOransjeLighten20": "#ffe9cc",
              "navOransjeLighten40": "#ffd399",
              "navOransjeLighten60": "#ffbd66",
              "navOransjeLighten80": "#ffa733",
              "navRod": "#c30000",
              "navRodDarken20": "#592d28",
              "navRodDarken40": "#73221e",
              "navRodDarken60": "#8e1614",
              "navRodDarken80": "#a80b0a",
              "navRodLighten20": "#f3cccc",
              "navRodLighten40": "#e79999",
              "navRodLighten60": "#db6666",
              "navRodLighten80": "#cf3333",
              "orangeFocus": "#ffbd66",
              "orangeFocusDarken20": "#65533c",
              "orangeFocusDarken40": "#8b6d47",
              "orangeFocusDarken60": "#b28851",
              "orangeFocusDarken80": "#d8a25c",
              "orangeFocusLighten20": "#fff2e0",
              "orangeFocusLighten40": "#ffe5c2",
              "orangeFocusLighten60": "#ffd7a3",
              "orangeFocusLighten80": "#ffca85",
              "padding-base-horizontal": "12px",
              "padding-base-vertical": "6px",
              "padding-large-horizontal": "16px",
              "padding-large-vertical": "10px",
              "padding-small-horizontal": "10px",
              "padding-small-vertical": "5px",
              "padding-xs-horizontal": "5px",
              "padding-xs-vertical": "1px",
              "pinkErrorBg": "#f3e3e3",
              "redError": "#ba3a26",
              "redErrorDarken20": "#573830",
              "redErrorDarken40": "#70392d",
              "redErrorDarken60": "#88392b",
              "redErrorDarken80": "#a13a28",
              "redErrorLighten20": "#f1d8d4",
              "redErrorLighten40": "#e3b0a8",
              "redErrorLighten60": "#d6897d",
              "redErrorLighten80": "#c86151",
              "screen-desktop": "992px",
              "screen-lg": "1200px",
              "screen-lg-desktop": "1200px",
              "screen-lg-min": "1200px",
              "screen-md": "992px",
              "screen-md-max": "(@screen-lg-min - 1)",
              "screen-md-min": "992px",
              "screen-sm": "768px",
              "screen-sm-max": "(@screen-md-min - 1)",
              "screen-sm-min": "768px",
              "screen-tablet": "768px",
              "screen-xs-max": "(@screen-sm-min - 1)",
              "type": "theme",
              "white": "#FFFFFF",
            }
          }
        >
          <Memo(l) />
          <Styled(Modal)
            isOpen={false}
            onRequestClose={[Function]}
            overlayClassName="modal__overlay"
          >
            <Modal
              ariaHideApp={true}
              bodyOpenClassName="ReactModal__Body--open"
              className="c0 c1"
              closeTimeoutMS={0}
              contentElement={[Function]}
              isOpen={false}
              onRequestClose={[Function]}
              overlayClassName="modal__overlay"
              overlayElement={[Function]}
              parentSelector={[Function]}
              portalClassName="ReactModalPortal"
              preventScroll={false}
              role="dialog"
              shouldCloseOnEsc={true}
              shouldCloseOnOverlayClick={true}
              shouldFocusAfterRender={true}
              shouldReturnFocusAfterClose={true}
            >
              <Portal
                containerInfo={
                  <div
                    class="ReactModalPortal"
                  />
                }
              >
                <ModalPortal
                  ariaHideApp={true}
                  bodyOpenClassName="ReactModal__Body--open"
                  className="c0 c1"
                  closeTimeoutMS={0}
                  contentElement={[Function]}
                  defaultStyles={
                    Object {
                      "content": Object {
                        "WebkitOverflowScrolling": "touch",
                        "background": "#fff",
                        "border": "1px solid #ccc",
                        "borderRadius": "4px",
                        "bottom": "40px",
                        "left": "40px",
                        "outline": "none",
                        "overflow": "auto",
                        "padding": "20px",
                        "position": "absolute",
                        "right": "40px",
                        "top": "40px",
                      },
                      "overlay": Object {
                        "backgroundColor": "rgba(255, 255, 255, 0.75)",
                        "bottom": 0,
                        "left": 0,
                        "position": "fixed",
                        "right": 0,
                        "top": 0,
                      },
                    }
                  }
                  isOpen={false}
                  onRequestClose={[Function]}
                  overlayClassName="modal__overlay"
                  overlayElement={[Function]}
                  parentSelector={[Function]}
                  portalClassName="ReactModalPortal"
                  preventScroll={false}
                  role="dialog"
                  shouldCloseOnEsc={true}
                  shouldCloseOnOverlayClick={true}
                  shouldFocusAfterRender={true}
                  shouldReturnFocusAfterClose={true}
                  style={
                    Object {
                      "content": Object {},
                      "overlay": Object {},
                    }
                  }
                />
              </Portal>
            </Modal>
          </Styled(Modal)>
        </Component>
      </W>
    </Modal>
    <jt
      columns={
        Array [
          Object {
            "id": "tema",
            "label": "ui:tema",
            "renderCell": [Function],
            "type": "string",
          },
          Object {
            "id": "title",
            "label": "ui:title",
            "type": "string",
          },
          Object {
            "dateFormat": "DD.MM.YYYY",
            "id": "date",
            "label": "ui:date",
            "type": "date",
          },
          Object {
            "id": "buttons",
            "label": "",
            "renderCell": [Function],
            "type": "object",
          },
        ]
      }
      compact={true}
      context={
        Object {
          "clickedPreviewItem": undefined,
          "existingItems": Array [],
          "loadingJoarkPreviewFile": false,
          "mode": "view",
          "previewFile": undefined,
        }
      }
      highContrast={false}
      id="joarkbrowser-test-table-id"
      items={Array []}
      itemsPerPage={30}
      labels={
        Object {
          "type": "ui:attachments",
        }
      }
      loading={false}
      onRowSelectChange={[MockFunction]}
      searchable={false}
      selectable={false}
      sortable={false}
      summary={true}
    >
      <Component
        highContrast={false}
      >
        <Component
          theme={
            Object {
              "alternative-background-color": "#FFFFFF",
              "black": "#000000",
              "border-radius-base": "4px",
              "border-radius-large": "6px",
              "border-radius-small": "2px",
              "container-desktop": "(940px + @grid-gutter-width)",
              "container-large-desktop": "(1140px + @grid-gutter-width)",
              "container-lg": "(1140px + @grid-gutter-width)",
              "container-md": "(940px + @grid-gutter-width)",
              "container-sm": "(720px + @grid-gutter-width)",
              "container-tablet": "(720px + @grid-gutter-width)",
              "fokusFarge": "#19548a",
              "grayBackground": "#e9e7e7",
              "grayIcon": "#b7b1a9",
              "grayInactive": "#78706a",
              "grayModia": "#333333",
              "grid-columns": "12",
              "grid-float-breakpoint": "768px",
              "grid-float-breakpoint-max": "(@grid-float-breakpoint - 1)",
              "grid-gutter-width": "16px",
              "inverted-font-color": "#FFFFFF",
              "line-height-large": "1.3333333",
              "line-height-small": "1.5",
              "main-active-color": "#66a4dc",
              "main-background-color": "#f1f1f1",
              "main-border-color": "#78706a",
              "main-border-radius": "4px",
              "main-border-width": "1px",
              "main-disabled-color": "#78706a",
              "main-error-color": "#ba3a26",
              "main-focus-color": "#19548a",
              "main-font-color": "#3e3832",
              "main-hover-color": "#cce1f3",
              "main-interactive-color": "#0067c5",
              "main-success-color": "#06893a",
              "main-warning-color": "#ff9100",
              "navBakgrunn": "#ffffff",
              "navBla": "#0067c5",
              "navBlaDarken20": "#32414f",
              "navBlaDarken40": "#254b6d",
              "navBlaDarken60": "#19548a",
              "navBlaDarken80": "#0c5ea8",
              "navBlaLighten20": "#cce1f3",
              "navBlaLighten40": "#99c2e8",
              "navBlaLighten60": "#66a4dc",
              "navBlaLighten80": "#3385d1",
              "navDypBla": "#005b82",
              "navDypBlaDarken20": "#323f42",
              "navDypBlaDarken40": "#254652",
              "navDypBlaDarken60": "#194d62",
              "navDypBlaDarken80": "#0c5472",
              "navDypBlaLighten20": "#ccdee6",
              "navDypBlaLighten40": "#99bdcd",
              "navDypBlaLighten60": "#669db4",
              "navDypBlaLighten80": "#337c9b",
              "navGra20": "#c6c2bf",
              "navGra40": "#b7b1a9",
              "navGra60": "#78706a",
              "navGra80": "#59514b",
              "navGraBakgrunn": "#f1f1f1",
              "navGronn": "#06893a",
              "navGronnDarken20": "#334834",
              "navGronnDarken40": "#285835",
              "navGronnDarken60": "#1c6937",
              "navGronnDarken80": "#117938",
              "navGronnLighten20": "#cde7d8",
              "navGronnLighten40": "#9bd0b0",
              "navGronnLighten60": "#6ab889",
              "navGronnLighten80": "#38a161",
              "navLilla": "#634689",
              "navLillaDarken20": "#453b43",
              "navLillaDarken40": "#4d3e55",
              "navLillaDarken60": "#544066",
              "navLillaDarken80": "#5c4378",
              "navLillaLighten20": "#e0dae7",
              "navLillaLighten40": "#c1b5d0",
              "navLillaLighten60": "#a190b8",
              "navLillaLighten80": "#826ba1",
              "navLimeGronn": "#a2ad00",
              "navLimeGronnDarken20": "#524f28",
              "navLimeGronnDarken40": "#66671e",
              "navLimeGronnDarken60": "#7a7e14",
              "navLimeGronnDarken80": "#8e960a",
              "navLimeGronnLighten20": "#ecefcc",
              "navLimeGronnLighten40": "#dade99",
              "navLimeGronnLighten60": "#c7ce66",
              "navLimeGronnLighten80": "#b5bd33",
              "navLysBla": "#66cbec",
              "navLysBlaDarken20": "#465557",
              "navLysBlaDarken40": "#4e737c",
              "navLysBlaDarken60": "#5690a2",
              "navLysBlaDarken80": "#5eaec7",
              "navLysBlaLighten20": "#e0f5fb",
              "navLysBlaLighten40": "#c2eaf7",
              "navLysBlaLighten60": "#a3e0f4",
              "navLysBlaLighten80": "#85d5f0",
              "navLysGra": "#e9e7e7",
              "navMorkGra": "#3e3832",
              "navOransje": "#ff9100",
              "navOransjeDarken20": "#654a28",
              "navOransjeDarken40": "#8b5c1e",
              "navOransjeDarken60": "#b26d14",
              "navOransjeDarken80": "#d87f0a",
              "navOransjeLighten20": "#ffe9cc",
              "navOransjeLighten40": "#ffd399",
              "navOransjeLighten60": "#ffbd66",
              "navOransjeLighten80": "#ffa733",
              "navRod": "#c30000",
              "navRodDarken20": "#592d28",
              "navRodDarken40": "#73221e",
              "navRodDarken60": "#8e1614",
              "navRodDarken80": "#a80b0a",
              "navRodLighten20": "#f3cccc",
              "navRodLighten40": "#e79999",
              "navRodLighten60": "#db6666",
              "navRodLighten80": "#cf3333",
              "orangeFocus": "#ffbd66",
              "orangeFocusDarken20": "#65533c",
              "orangeFocusDarken40": "#8b6d47",
              "orangeFocusDarken60": "#b28851",
              "orangeFocusDarken80": "#d8a25c",
              "orangeFocusLighten20": "#fff2e0",
              "orangeFocusLighten40": "#ffe5c2",
              "orangeFocusLighten60": "#ffd7a3",
              "orangeFocusLighten80": "#ffca85",
              "padding-base-horizontal": "12px",
              "padding-base-vertical": "6px",
              "padding-large-horizontal": "16px",
              "padding-large-vertical": "10px",
              "padding-small-horizontal": "10px",
              "padding-small-vertical": "5px",
              "padding-xs-horizontal": "5px",
              "padding-xs-vertical": "1px",
              "pinkErrorBg": "#f3e3e3",
              "redError": "#ba3a26",
              "redErrorDarken20": "#573830",
              "redErrorDarken40": "#70392d",
              "redErrorDarken60": "#88392b",
              "redErrorDarken80": "#a13a28",
              "redErrorLighten20": "#f1d8d4",
              "redErrorLighten40": "#e3b0a8",
              "redErrorLighten60": "#d6897d",
              "redErrorLighten80": "#c86151",
              "screen-desktop": "992px",
              "screen-lg": "1200px",
              "screen-lg-desktop": "1200px",
              "screen-lg-min": "1200px",
              "screen-md": "992px",
              "screen-md-max": "(@screen-lg-min - 1)",
              "screen-md-min": "992px",
              "screen-sm": "768px",
              "screen-sm-max": "(@screen-md-min - 1)",
              "screen-sm-min": "768px",
              "screen-tablet": "768px",
              "screen-xs-max": "(@screen-sm-min - 1)",
              "type": "theme",
              "white": "#FFFFFF",
            }
          }
        >
          <styled.div
            className="tabell compact"
          >
            <div
              className="c2 c3 tabell compact"
            >
              <styled.div>
                <div
                  className="c4 c5"
                >
                  <styled.table
                    cellSpacing="0"
                    className="c-tableSorter__table"
                  >
                    <table
                      cellSpacing="0"
                      className="c6 c7 c-tableSorter__table"
                    >
                      <thead>
                        <tr
                          className="c-tableSorter__header"
                        >
                          <th
                            style={
                              Object {
                                "width": 1,
                              }
                            }
                          >
                            <div
                              style={
                                Object {
                                  "alignItems": "center",
                                  "display": "flex",
                                }
                              }
                            />
                          </th>
                          <th
                            aria-sort="none"
                            className="header "
                            key="tema"
                            role="columnheader"
                          >
                            ui:tema
                          </th>
                          <th
                            aria-sort="none"
                            className="header "
                            key="title"
                            role="columnheader"
                          >
                            ui:title
                          </th>
                          <th
                            aria-sort="none"
                            className="header "
                            key="date"
                            role="columnheader"
                          >
                            ui:date
                          </th>
                          <th
                            aria-sort="none"
                            className="header"
                            key="buttons"
                            role="columnheader"
                          />
                        </tr>
                      </thead>
                      <tbody
                        className="striped"
                      />
                    </table>
                  </styled.table>
                  <styled.div>
                    <div
                      className="c8 c9"
                    >
                      <div />
                      <o>
                        <s
                          type="normaltekst"
                        >
                          <p
                            className="typo-normal"
                          >
                            Ingen ui:attachments vist
                          </p>
                        </s>
                      </o>
                      <_
                        currentPage={1}
                        highContrast={false}
                        itemsPerPage={30}
                        numberOfItems={0}
                        onChange={[Function]}
                      />
                    </div>
                  </styled.div>
                </div>
              </styled.div>
            </div>
          </styled.div>
        </Component>
      </Component>
    </jt>
  </div>
</JoarkBrowser>
`;
