// Jest Snapshot v1, https://goo.gl/fbAQLP

exports[`components/WaitingPanel Renders 1`] = `
.c0 {
  display: -webkit-box;
  display: -webkit-flex;
  display: -ms-flexbox;
  display: flex;
  -webkit-align-items: center;
  -webkit-box-align: center;
  -ms-flex-align: center;
  align-items: center;
  -webkit-flex-direction: column;
  -ms-flex-direction: column;
  flex-direction: column;
}

.c0.rowDirection {
  -webkit-flex-direction: row;
  -ms-flex-direction: row;
  flex-direction: row;
}

.c0 .oneLine {
  display: inline-block;
  vertical-align: top;
}

<WaitingPanel
  message=""
>
  <styled.div
    className=""
    style={Object {}}
  >
    <div
      className="c0"
      style={Object {}}
    >
      <NavFrontendSpinner
        aria-label="Laster innhold"
        transparent={false}
        type="M"
      >
        <Icon
          aria-label="Laster innhold"
          className="spinner spinner--m"
          kind="spinner-negativ"
          size={32}
        >
          <svg
            aria-label="Laster innhold"
            className="spinner spinner--m"
            focusable="false"
            height={32}
            kind="spinner-negativ"
            preserveAspectRatio="xMidYMid"
            viewBox="0 0 50 50"
            width={32}
          >
            <title>
              Venter...
            </title>
            <circle
              cx="25"
              cy="25"
              fill="none"
              r="20"
              stroke="#eee"
              strokeWidth="5"
              xmlns="http://www.w3.org/2000/svg"
            />
            <circle
              cx="25"
              cy="25"
              fill="none"
              r="20"
              stroke="#888"
              strokeDasharray="50 155"
              strokeLinecap="round"
              strokeWidth="5"
            />
          </svg>
        </Icon>
      </NavFrontendSpinner>
    </div>
  </styled.div>
</WaitingPanel>
`;
